Chapter One: Object-Oriented Programming
Chapter Two: Functional Programming

