f says: hello!
g says: did you add that?
f says: who let you add to this string?

