else branch
then branch
then branch
then branch
then branch
then branch
then branch
then branch

