true
false
12
-6
one two three
true
false
false
true
false
false
false
